// Jest Snapshot v1, https://goo.gl/fbAQLP

exports[`dropdown-content-renderer without search input renders grouped list items 1`] = `
<ul class="list-picker-dropdown-values-list" role="listbox" aria-expanded="false" aria-hidden="false">
  <li class="list-picker-item-group"><strong class="list-picker-group-label">Group 1</strong>
    <ul role="group" aria-label="Group 1" class="list-picker-dropdown-option-group">
      <li role="option" aria-selected="false" data-item-id="list-picker-item-group1-value_0" class="list-picker-dropdown-option-value">Value 0</li>
      <li role="option" aria-selected="false" data-item-id="list-picker-item-group1-value_1" class="list-picker-dropdown-option-value">Value 1</li>
      <li role="option" aria-selected="false" data-item-id="list-picker-item-group1-value_2" class="list-picker-dropdown-option-value">Value 2</li>
    </ul>
  </li>
  <li class="list-picker-item-group"><strong class="list-picker-group-label">Group 2</strong>
    <ul role="group" aria-label="Group 2" class="list-picker-dropdown-option-group">
      <li role="option" aria-selected="false" data-item-id="list-picker-item-group2-value_3" class="list-picker-dropdown-option-value">Value 3</li>
      <li role="option" aria-selected="false" data-item-id="list-picker-item-group2-value_4" class="list-picker-dropdown-option-value">Value 4</li>
      <li role="option" aria-selected="false" data-item-id="list-picker-item-group2-value_5" class="list-picker-dropdown-option-value-disabled">Value 5</li>
    </ul>
  </li>
</ul>
`;

exports[`dropdown-content-renderer without search input renders simple list items 1`] = `
<ul class="list-picker-dropdown-values-list" role="listbox" aria-expanded="false" aria-hidden="false">
  <li role="option" aria-selected="false" data-item-id="list-picker-item-value_0" class="list-picker-dropdown-option-value">Value 0</li>
  <li role="option" aria-selected="false" data-item-id="list-picker-item-value_1" class="list-picker-dropdown-option-value">Value 1</li>
  <li role="option" aria-selected="false" data-item-id="list-picker-item-value_2" class="list-picker-dropdown-option-value">Value 2</li>
  <li role="option" aria-selected="false" data-item-id="list-picker-item-value_3" class="list-picker-dropdown-option-value">Value 3</li>
</ul>
`;
