// Jest Snapshot v1, https://goo.gl/fbAQLP

exports[`NoContentEmptyState displays a cell that span on the whole table 1`] = `
<div
  class="empty-page"
>
  <div
    class="empty-page-illustration"
  >
    <svg
      fill="none"
      height="170"
      width="534"
      xmlns="http://www.w3.org/2000/svg"
    >
      <use
        class="tlp-illustration"
        href="../../images/illustrations.svg#no-content-empty-state"
      />
    </svg>
  </div>
   
  <p
    class="empty-page-text"
  >
    
        This taskboard is empty
    
  </p>
</div>
`;
